HdkCommentNamed "bar" (HsDocString " some\n named chunk")
