
T5951.hs:9:8: error:
    Instance head cannot contain nested ‘forall’s or contexts
    In an instance declaration
